Archive member included to satisfy reference by file (symbol)

c:/nxp/s32ds.3.6.4/s32ds/build_tools/gcc_v11.4/gcc-11.4-arm32-eabi/bin/../lib/gcc/arm-none-eabi/11.4.0/../../../../arm-none-eabi/lib/thumb/v7e-m/nofp\libc_nano.a(lib_a-exit.o)
                              c:/nxp/s32ds.3.6.4/s32ds/build_tools/gcc_v11.4/gcc-11.4-arm32-eabi/bin/../lib/gcc/arm-none-eabi/11.4.0/../../../../arm-none-eabi/lib/thumb/v7e-m/nofp/crt0.o (exit)
c:/nxp/s32ds.3.6.4/s32ds/build_tools/gcc_v11.4/gcc-11.4-arm32-eabi/bin/../lib/gcc/arm-none-eabi/11.4.0/../../../../arm-none-eabi/lib/thumb/v7e-m/nofp\libc_nano.a(lib_a-impure.o)
                              c:/nxp/s32ds.3.6.4/s32ds/build_tools/gcc_v11.4/gcc-11.4-arm32-eabi/bin/../lib/gcc/arm-none-eabi/11.4.0/../../../../arm-none-eabi/lib/thumb/v7e-m/nofp\libc_nano.a(lib_a-exit.o) (_global_impure_ptr)
c:/nxp/s32ds.3.6.4/s32ds/build_tools/gcc_v11.4/gcc-11.4-arm32-eabi/bin/../lib/gcc/arm-none-eabi/11.4.0/../../../../arm-none-eabi/lib/thumb/v7e-m/nofp\libc_nano.a(lib_a-init.o)
                              c:/nxp/s32ds.3.6.4/s32ds/build_tools/gcc_v11.4/gcc-11.4-arm32-eabi/bin/../lib/gcc/arm-none-eabi/11.4.0/../../../../arm-none-eabi/lib/thumb/v7e-m/nofp/crt0.o (__libc_init_array)
c:/nxp/s32ds.3.6.4/s32ds/build_tools/gcc_v11.4/gcc-11.4-arm32-eabi/bin/../lib/gcc/arm-none-eabi/11.4.0/../../../../arm-none-eabi/lib/thumb/v7e-m/nofp\libc_nano.a(lib_a-memset.o)
                              c:/nxp/s32ds.3.6.4/s32ds/build_tools/gcc_v11.4/gcc-11.4-arm32-eabi/bin/../lib/gcc/arm-none-eabi/11.4.0/../../../../arm-none-eabi/lib/thumb/v7e-m/nofp/crt0.o (memset)
c:/nxp/s32ds.3.6.4/s32ds/build_tools/gcc_v11.4/gcc-11.4-arm32-eabi/bin/../lib/gcc/arm-none-eabi/11.4.0/../../../../arm-none-eabi/lib/thumb/v7e-m/nofp\libnosys.a(_exit.o)
                              c:/nxp/s32ds.3.6.4/s32ds/build_tools/gcc_v11.4/gcc-11.4-arm32-eabi/bin/../lib/gcc/arm-none-eabi/11.4.0/../../../../arm-none-eabi/lib/thumb/v7e-m/nofp\libc_nano.a(lib_a-exit.o) (_exit)

Discarded input sections

 .text          0x00000000        0x0 c:/nxp/s32ds.3.6.4/s32ds/build_tools/gcc_v11.4/gcc-11.4-arm32-eabi/bin/../lib/gcc/arm-none-eabi/11.4.0/thumb/v7e-m/nofp/crti.o
 .data          0x00000000        0x0 c:/nxp/s32ds.3.6.4/s32ds/build_tools/gcc_v11.4/gcc-11.4-arm32-eabi/bin/../lib/gcc/arm-none-eabi/11.4.0/thumb/v7e-m/nofp/crti.o
 .bss           0x00000000        0x0 c:/nxp/s32ds.3.6.4/s32ds/build_tools/gcc_v11.4/gcc-11.4-arm32-eabi/bin/../lib/gcc/arm-none-eabi/11.4.0/thumb/v7e-m/nofp/crti.o
 .data          0x00000000        0x4 c:/nxp/s32ds.3.6.4/s32ds/build_tools/gcc_v11.4/gcc-11.4-arm32-eabi/bin/../lib/gcc/arm-none-eabi/11.4.0/thumb/v7e-m/nofp/crtbegin.o
 .rodata        0x00000000       0x24 c:/nxp/s32ds.3.6.4/s32ds/build_tools/gcc_v11.4/gcc-11.4-arm32-eabi/bin/../lib/gcc/arm-none-eabi/11.4.0/thumb/v7e-m/nofp/crtbegin.o
 .data          0x00000000        0x0 c:/nxp/s32ds.3.6.4/s32ds/build_tools/gcc_v11.4/gcc-11.4-arm32-eabi/bin/../lib/gcc/arm-none-eabi/11.4.0/../../../../arm-none-eabi/lib/thumb/v7e-m/nofp/crt0.o
 .bss           0x00000000        0x0 c:/nxp/s32ds.3.6.4/s32ds/build_tools/gcc_v11.4/gcc-11.4-arm32-eabi/bin/../lib/gcc/arm-none-eabi/11.4.0/../../../../arm-none-eabi/lib/thumb/v7e-m/nofp/crt0.o
 .ARM.extab     0x00000000        0x0 c:/nxp/s32ds.3.6.4/s32ds/build_tools/gcc_v11.4/gcc-11.4-arm32-eabi/bin/../lib/gcc/arm-none-eabi/11.4.0/../../../../arm-none-eabi/lib/thumb/v7e-m/nofp/crt0.o
 .group         0x00000000        0xc ./Project_Settings/Startup_Code/startup.o
 .group         0x00000000        0xc ./Project_Settings/Startup_Code/startup.o
 .group         0x00000000        0xc ./Project_Settings/Startup_Code/startup.o
 .group         0x00000000        0xc ./Project_Settings/Startup_Code/startup.o
 .group         0x00000000        0xc ./Project_Settings/Startup_Code/startup.o
 .group         0x00000000        0xc ./Project_Settings/Startup_Code/startup.o
 .group         0x00000000        0xc ./Project_Settings/Startup_Code/startup.o
 .group         0x00000000        0xc ./Project_Settings/Startup_Code/startup.o
 .group         0x00000000        0xc ./Project_Settings/Startup_Code/startup.o
 .group         0x00000000        0xc ./Project_Settings/Startup_Code/startup.o
 .group         0x00000000        0xc ./Project_Settings/Startup_Code/startup.o
 .group         0x00000000        0xc ./Project_Settings/Startup_Code/startup.o
 .group         0x00000000        0xc ./Project_Settings/Startup_Code/startup.o
 .text          0x00000000        0x0 ./Project_Settings/Startup_Code/startup.o
 .data          0x00000000        0x0 ./Project_Settings/Startup_Code/startup.o
 .bss           0x00000000        0x0 ./Project_Settings/Startup_Code/startup.o
 .rodata.s_vectors
                0x00000000        0x4 ./Project_Settings/Startup_Code/startup.o
 .data          0x00000000        0x0 ./Project_Settings/Startup_Code/startup_S32K144.o
 .bss           0x00000000        0x0 ./Project_Settings/Startup_Code/startup_S32K144.o
 .group         0x00000000        0xc ./Project_Settings/Startup_Code/system_S32K144.o
 .group         0x00000000        0xc ./Project_Settings/Startup_Code/system_S32K144.o
 .group         0x00000000        0xc ./Project_Settings/Startup_Code/system_S32K144.o
 .group         0x00000000        0xc ./Project_Settings/Startup_Code/system_S32K144.o
 .group         0x00000000        0xc ./Project_Settings/Startup_Code/system_S32K144.o
 .group         0x00000000        0xc ./Project_Settings/Startup_Code/system_S32K144.o
 .group         0x00000000        0xc ./Project_Settings/Startup_Code/system_S32K144.o
 .group         0x00000000        0xc ./Project_Settings/Startup_Code/system_S32K144.o
 .group         0x00000000        0xc ./Project_Settings/Startup_Code/system_S32K144.o
 .group         0x00000000        0xc ./Project_Settings/Startup_Code/system_S32K144.o
 .group         0x00000000        0xc ./Project_Settings/Startup_Code/system_S32K144.o
 .group         0x00000000        0xc ./Project_Settings/Startup_Code/system_S32K144.o
 .group         0x00000000        0xc ./Project_Settings/Startup_Code/system_S32K144.o
 .group         0x00000000        0xc ./Project_Settings/Startup_Code/system_S32K144.o
 .text          0x00000000        0x0 ./Project_Settings/Startup_Code/system_S32K144.o
 .data          0x00000000        0x0 ./Project_Settings/Startup_Code/system_S32K144.o
 .bss           0x00000000        0x0 ./Project_Settings/Startup_Code/system_S32K144.o
 .data.SystemCoreClock
                0x00000000        0x4 ./Project_Settings/Startup_Code/system_S32K144.o
 .text.SystemCoreClockUpdate
                0x00000000       0xf0 ./Project_Settings/Startup_Code/system_S32K144.o
 .text.SystemSoftwareReset
                0x00000000       0x3e ./Project_Settings/Startup_Code/system_S32K144.o
 .rodata.fircFreq.0
                0x00000000        0x4 ./Project_Settings/Startup_Code/system_S32K144.o
 .debug_macro   0x00000000      0xa90 ./Project_Settings/Startup_Code/system_S32K144.o
 .debug_macro   0x00000000       0x10 ./Project_Settings/Startup_Code/system_S32K144.o
 .debug_macro   0x00000000       0x78 ./Project_Settings/Startup_Code/system_S32K144.o
 .debug_macro   0x00000000       0x22 ./Project_Settings/Startup_Code/system_S32K144.o
 .debug_macro   0x00000000       0x8e ./Project_Settings/Startup_Code/system_S32K144.o
 .debug_macro   0x00000000       0x51 ./Project_Settings/Startup_Code/system_S32K144.o
 .debug_macro   0x00000000      0x103 ./Project_Settings/Startup_Code/system_S32K144.o
 .debug_macro   0x00000000       0x6a ./Project_Settings/Startup_Code/system_S32K144.o
 .debug_macro   0x00000000      0x1df ./Project_Settings/Startup_Code/system_S32K144.o
 .debug_macro   0x00000000     0x1707 ./Project_Settings/Startup_Code/system_S32K144.o
 .debug_macro   0x00000000       0x22 ./Project_Settings/Startup_Code/system_S32K144.o
 .group         0x00000000        0xc ./src/Driver_GPIO.o
 .group         0x00000000        0xc ./src/Driver_GPIO.o
 .group         0x00000000        0xc ./src/Driver_GPIO.o
 .group         0x00000000        0xc ./src/Driver_GPIO.o
 .group         0x00000000        0xc ./src/Driver_GPIO.o
 .group         0x00000000        0xc ./src/Driver_GPIO.o
 .group         0x00000000        0xc ./src/Driver_GPIO.o
 .group         0x00000000        0xc ./src/Driver_GPIO.o
 .group         0x00000000        0xc ./src/Driver_GPIO.o
 .group         0x00000000        0xc ./src/Driver_GPIO.o
 .group         0x00000000        0xc ./src/Driver_GPIO.o
 .text          0x00000000        0x0 ./src/Driver_GPIO.o
 .data          0x00000000        0x0 ./src/Driver_GPIO.o
 .bss           0x00000000        0x0 ./src/Driver_GPIO.o
 .text.GPIO0_Setup
                0x00000000       0x30 ./src/Driver_GPIO.o
 .text.GPIO0_SetDirection
                0x00000000       0x4e ./src/Driver_GPIO.o
 .text.GPIO0_SetOutputMode
                0x00000000       0x1a ./src/Driver_GPIO.o
 .text.GPIO0_SetPullResistor
                0x00000000       0x1a ./src/Driver_GPIO.o
 .text.GPIO0_SetEventTrigger
                0x00000000       0x1a ./src/Driver_GPIO.o
 .text.GPIO0_SetOutput
                0x00000000       0x26 ./src/Driver_GPIO.o
 .text.GPIO0_GetInput
                0x00000000       0x22 ./src/Driver_GPIO.o
 .rodata.Driver_GPIO0
                0x00000000       0x1c ./src/Driver_GPIO.o
 .debug_macro   0x00000000      0xa90 ./src/Driver_GPIO.o
 .debug_macro   0x00000000       0x22 ./src/Driver_GPIO.o
 .debug_macro   0x00000000       0x8e ./src/Driver_GPIO.o
 .debug_macro   0x00000000       0x51 ./src/Driver_GPIO.o
 .debug_macro   0x00000000      0x103 ./src/Driver_GPIO.o
 .debug_macro   0x00000000       0x6a ./src/Driver_GPIO.o
 .debug_macro   0x00000000      0x1df ./src/Driver_GPIO.o
 .debug_macro   0x00000000       0x22 ./src/Driver_GPIO.o
 .group         0x00000000        0xc ./src/Driver_USART.o
 .group         0x00000000        0xc ./src/Driver_USART.o
 .group         0x00000000        0xc ./src/Driver_USART.o
 .group         0x00000000        0xc ./src/Driver_USART.o
 .group         0x00000000        0xc ./src/Driver_USART.o
 .group         0x00000000        0xc ./src/Driver_USART.o
 .group         0x00000000        0xc ./src/Driver_USART.o
 .group         0x00000000        0xc ./src/Driver_USART.o
 .group         0x00000000        0xc ./src/Driver_USART.o
 .group         0x00000000        0xc ./src/Driver_USART.o
 .group         0x00000000        0xc ./src/Driver_USART.o
 .group         0x00000000        0xc ./src/Driver_USART.o
 .text          0x00000000        0x0 ./src/Driver_USART.o
 .data          0x00000000        0x0 ./src/Driver_USART.o
 .bss           0x00000000        0x0 ./src/Driver_USART.o
 .rodata.DriverCapabilities
                0x00000000        0x4 ./src/Driver_USART.o
 .text.ARM_USART_SignalEvent
                0x00000000       0x12 ./src/Driver_USART.o
 .debug_macro   0x00000000      0xa90 ./src/Driver_USART.o
 .debug_macro   0x00000000      0x174 ./src/Driver_USART.o
 .debug_macro   0x00000000       0x22 ./src/Driver_USART.o
 .debug_macro   0x00000000       0x8e ./src/Driver_USART.o
 .debug_macro   0x00000000       0x51 ./src/Driver_USART.o
 .debug_macro   0x00000000      0x103 ./src/Driver_USART.o
 .debug_macro   0x00000000       0x6a ./src/Driver_USART.o
 .debug_macro   0x00000000      0x1df ./src/Driver_USART.o
 .debug_macro   0x00000000       0x22 ./src/Driver_USART.o
 .debug_macro   0x00000000       0x34 ./src/Driver_USART.o
 .group         0x00000000        0xc ./src/FLASH.o
 .group         0x00000000        0xc ./src/FLASH.o
 .group         0x00000000        0xc ./src/FLASH.o
 .group         0x00000000        0xc ./src/FLASH.o
 .group         0x00000000        0xc ./src/FLASH.o
 .group         0x00000000        0xc ./src/FLASH.o
 .group         0x00000000        0xc ./src/FLASH.o
 .group         0x00000000        0xc ./src/FLASH.o
 .group         0x00000000        0xc ./src/FLASH.o
 .group         0x00000000        0xc ./src/FLASH.o
 .text          0x00000000        0x0 ./src/FLASH.o
 .data          0x00000000        0x0 ./src/FLASH.o
 .bss           0x00000000        0x0 ./src/FLASH.o
 .debug_macro   0x00000000      0xa90 ./src/FLASH.o
 .debug_macro   0x00000000       0x16 ./src/FLASH.o
 .debug_macro   0x00000000       0x22 ./src/FLASH.o
 .debug_macro   0x00000000       0x8e ./src/FLASH.o
 .debug_macro   0x00000000       0x51 ./src/FLASH.o
 .debug_macro   0x00000000      0x103 ./src/FLASH.o
 .debug_macro   0x00000000       0x6a ./src/FLASH.o
 .debug_macro   0x00000000      0x1df ./src/FLASH.o
 .debug_macro   0x00000000     0xc353 ./src/FLASH.o
 .group         0x00000000        0xc ./src/HAL_GPIO.o
 .group         0x00000000        0xc ./src/HAL_GPIO.o
 .group         0x00000000        0xc ./src/HAL_GPIO.o
 .group         0x00000000        0xc ./src/HAL_GPIO.o
 .group         0x00000000        0xc ./src/HAL_GPIO.o
 .group         0x00000000        0xc ./src/HAL_GPIO.o
 .group         0x00000000        0xc ./src/HAL_GPIO.o
 .group         0x00000000        0xc ./src/HAL_GPIO.o
 .text          0x00000000        0x0 ./src/HAL_GPIO.o
 .data          0x00000000        0x0 ./src/HAL_GPIO.o
 .bss           0x00000000        0x0 ./src/HAL_GPIO.o
 .text.HAL_GPIO0_ClockInit
                0x00000000       0x20 ./src/HAL_GPIO.o
 .text.HAL_GPIO0_PinInit
                0x00000000       0x40 ./src/HAL_GPIO.o
 .text.HAL_GPIO0_PinDataDirection
                0x00000000       0x4c ./src/HAL_GPIO.o
 .text.HAL_GPIO0_WritePin
                0x00000000       0x4c ./src/HAL_GPIO.o
 .text.HAL_GPIO0_ReadPin
                0x00000000       0x30 ./src/HAL_GPIO.o
 .debug_macro   0x00000000      0xa90 ./src/HAL_GPIO.o
 .debug_macro   0x00000000       0x22 ./src/HAL_GPIO.o
 .debug_macro   0x00000000       0x8e ./src/HAL_GPIO.o
 .debug_macro   0x00000000       0x51 ./src/HAL_GPIO.o
 .debug_macro   0x00000000      0x103 ./src/HAL_GPIO.o
 .debug_macro   0x00000000       0x6a ./src/HAL_GPIO.o
 .debug_macro   0x00000000      0x1df ./src/HAL_GPIO.o
 .debug_macro   0x00000000     0xc365 ./src/HAL_GPIO.o
 .group         0x00000000        0xc ./src/HAL_USART.o
 .group         0x00000000        0xc ./src/HAL_USART.o
 .group         0x00000000        0xc ./src/HAL_USART.o
 .group         0x00000000        0xc ./src/HAL_USART.o
 .group         0x00000000        0xc ./src/HAL_USART.o
 .group         0x00000000        0xc ./src/HAL_USART.o
 .group         0x00000000        0xc ./src/HAL_USART.o
 .group         0x00000000        0xc ./src/HAL_USART.o
 .group         0x00000000        0xc ./src/HAL_USART.o
 .group         0x00000000        0xc ./src/HAL_USART.o
 .text          0x00000000        0x0 ./src/HAL_USART.o
 .data          0x00000000        0x0 ./src/HAL_USART.o
 .bss           0x00000000        0x0 ./src/HAL_USART.o
 .debug_macro   0x00000000      0xa90 ./src/HAL_USART.o
 .debug_macro   0x00000000       0x22 ./src/HAL_USART.o
 .debug_macro   0x00000000       0x8e ./src/HAL_USART.o
 .debug_macro   0x00000000       0x51 ./src/HAL_USART.o
 .debug_macro   0x00000000      0x103 ./src/HAL_USART.o
 .debug_macro   0x00000000       0x6a ./src/HAL_USART.o
 .debug_macro   0x00000000      0x1df ./src/HAL_USART.o
 .debug_macro   0x00000000       0x22 ./src/HAL_USART.o
 .debug_macro   0x00000000       0x16 ./src/HAL_USART.o
 .debug_macro   0x00000000     0xc365 ./src/HAL_USART.o
 .group         0x00000000        0xc ./src/QUEUE.o
 .group         0x00000000        0xc ./src/QUEUE.o
 .group         0x00000000        0xc ./src/QUEUE.o
 .group         0x00000000        0xc ./src/QUEUE.o
 .group         0x00000000        0xc ./src/QUEUE.o
 .group         0x00000000        0xc ./src/QUEUE.o
 .group         0x00000000        0xc ./src/QUEUE.o
 .group         0x00000000        0xc ./src/QUEUE.o
 .group         0x00000000        0xc ./src/QUEUE.o
 .text          0x00000000        0x0 ./src/QUEUE.o
 .data          0x00000000        0x0 ./src/QUEUE.o
 .bss           0x00000000        0x0 ./src/QUEUE.o
 .text.Queue_IsFull
                0x00000000       0x2c ./src/QUEUE.o
 .debug_macro   0x00000000      0xa90 ./src/QUEUE.o
 .debug_macro   0x00000000       0x22 ./src/QUEUE.o
 .debug_macro   0x00000000       0x8e ./src/QUEUE.o
 .debug_macro   0x00000000       0x51 ./src/QUEUE.o
 .debug_macro   0x00000000      0x103 ./src/QUEUE.o
 .debug_macro   0x00000000       0x6a ./src/QUEUE.o
 .debug_macro   0x00000000      0x1df ./src/QUEUE.o
 .debug_macro   0x00000000      0x174 ./src/QUEUE.o
 .group         0x00000000        0xc ./src/SREC.o
 .group         0x00000000        0xc ./src/SREC.o
 .group         0x00000000        0xc ./src/SREC.o
 .group         0x00000000        0xc ./src/SREC.o
 .group         0x00000000        0xc ./src/SREC.o
 .group         0x00000000        0xc ./src/SREC.o
 .group         0x00000000        0xc ./src/SREC.o
 .group         0x00000000        0xc ./src/SREC.o
 .text          0x00000000        0x0 ./src/SREC.o
 .data          0x00000000        0x0 ./src/SREC.o
 .bss           0x00000000        0x0 ./src/SREC.o
 .debug_macro   0x00000000      0xa90 ./src/SREC.o
 .debug_macro   0x00000000       0x22 ./src/SREC.o
 .debug_macro   0x00000000       0x8e ./src/SREC.o
 .debug_macro   0x00000000       0x51 ./src/SREC.o
 .debug_macro   0x00000000      0x103 ./src/SREC.o
 .debug_macro   0x00000000       0x6a ./src/SREC.o
 .debug_macro   0x00000000      0x1df ./src/SREC.o
 .debug_macro   0x00000000      0x174 ./src/SREC.o
 .group         0x00000000        0xc ./src/main.o
 .group         0x00000000        0xc ./src/main.o
 .group         0x00000000        0xc ./src/main.o
 .group         0x00000000        0xc ./src/main.o
 .group         0x00000000        0xc ./src/main.o
 .group         0x00000000        0xc ./src/main.o
 .group         0x00000000        0xc ./src/main.o
 .group         0x00000000        0xc ./src/main.o
 .group         0x00000000        0xc ./src/main.o
 .group         0x00000000        0xc ./src/main.o
 .group         0x00000000        0xc ./src/main.o
 .group         0x00000000        0xc ./src/main.o
 .group         0x00000000        0xc ./src/main.o
 .group         0x00000000        0xc ./src/main.o
 .group         0x00000000        0xc ./src/main.o
 .group         0x00000000        0xc ./src/main.o
 .group         0x00000000        0xc ./src/main.o
 .group         0x00000000        0xc ./src/main.o
 .group         0x00000000        0xc ./src/main.o
 .group         0x00000000        0xc ./src/main.o
 .group         0x00000000        0xc ./src/main.o
 .group         0x00000000        0xc ./src/main.o
 .group         0x00000000        0xc ./src/main.o
 .group         0x00000000        0xc ./src/main.o
 .group         0x00000000        0xc ./src/main.o
 .group         0x00000000        0xc ./src/main.o
 .group         0x00000000        0xc ./src/main.o
 .group         0x00000000        0xc ./src/main.o
 .group         0x00000000        0xc ./src/main.o
 .group         0x00000000        0xc ./src/main.o
 .group         0x00000000        0xc ./src/main.o
 .group         0x00000000        0xc ./src/main.o
 .group         0x00000000        0xc ./src/main.o
 .text          0x00000000        0x0 ./src/main.o
 .data          0x00000000        0x0 ./src/main.o
 .bss           0x00000000        0x0 ./src/main.o
 .debug_macro   0x00000000      0xa90 ./src/main.o
 .debug_macro   0x00000000       0x16 ./src/main.o
 .debug_macro   0x00000000       0x22 ./src/main.o
 .debug_macro   0x00000000       0x8e ./src/main.o
 .debug_macro   0x00000000       0x51 ./src/main.o
 .debug_macro   0x00000000      0x103 ./src/main.o
 .debug_macro   0x00000000       0x6a ./src/main.o
 .debug_macro   0x00000000      0x1df ./src/main.o
 .debug_macro   0x00000000     0xc353 ./src/main.o
 .debug_macro   0x00000000      0x174 ./src/main.o
 .debug_macro   0x00000000       0x22 ./src/main.o
 .debug_macro   0x00000000       0x34 ./src/main.o
 .debug_macro   0x00000000      0x1ef ./src/main.o
 .debug_macro   0x00000000       0x16 ./src/main.o
 .debug_macro   0x00000000       0x78 ./src/main.o
 .debug_macro   0x00000000       0x28 ./src/main.o
 .text          0x00000000        0x0 c:/nxp/s32ds.3.6.4/s32ds/build_tools/gcc_v11.4/gcc-11.4-arm32-eabi/bin/../lib/gcc/arm-none-eabi/11.4.0/../../../../arm-none-eabi/lib/thumb/v7e-m/nofp\libc_nano.a(lib_a-exit.o)
 .data          0x00000000        0x0 c:/nxp/s32ds.3.6.4/s32ds/build_tools/gcc_v11.4/gcc-11.4-arm32-eabi/bin/../lib/gcc/arm-none-eabi/11.4.0/../../../../arm-none-eabi/lib/thumb/v7e-m/nofp\libc_nano.a(lib_a-exit.o)
 .bss           0x00000000        0x0 c:/nxp/s32ds.3.6.4/s32ds/build_tools/gcc_v11.4/gcc-11.4-arm32-eabi/bin/../lib/gcc/arm-none-eabi/11.4.0/../../../../arm-none-eabi/lib/thumb/v7e-m/nofp\libc_nano.a(lib_a-exit.o)
 .text          0x00000000        0x0 c:/nxp/s32ds.3.6.4/s32ds/build_tools/gcc_v11.4/gcc-11.4-arm32-eabi/bin/../lib/gcc/arm-none-eabi/11.4.0/../../../../arm-none-eabi/lib/thumb/v7e-m/nofp\libc_nano.a(lib_a-impure.o)
 .data          0x00000000        0x0 c:/nxp/s32ds.3.6.4/s32ds/build_tools/gcc_v11.4/gcc-11.4-arm32-eabi/bin/../lib/gcc/arm-none-eabi/11.4.0/../../../../arm-none-eabi/lib/thumb/v7e-m/nofp\libc_nano.a(lib_a-impure.o)
 .bss           0x00000000        0x0 c:/nxp/s32ds.3.6.4/s32ds/build_tools/gcc_v11.4/gcc-11.4-arm32-eabi/bin/../lib/gcc/arm-none-eabi/11.4.0/../../../../arm-none-eabi/lib/thumb/v7e-m/nofp\libc_nano.a(lib_a-impure.o)
 .data._impure_ptr
                0x00000000        0x4 c:/nxp/s32ds.3.6.4/s32ds/build_tools/gcc_v11.4/gcc-11.4-arm32-eabi/bin/../lib/gcc/arm-none-eabi/11.4.0/../../../../arm-none-eabi/lib/thumb/v7e-m/nofp\libc_nano.a(lib_a-impure.o)
 .text          0x00000000        0x0 c:/nxp/s32ds.3.6.4/s32ds/build_tools/gcc_v11.4/gcc-11.4-arm32-eabi/bin/../lib/gcc/arm-none-eabi/11.4.0/../../../../arm-none-eabi/lib/thumb/v7e-m/nofp\libc_nano.a(lib_a-init.o)
 .data          0x00000000        0x0 c:/nxp/s32ds.3.6.4/s32ds/build_tools/gcc_v11.4/gcc-11.4-arm32-eabi/bin/../lib/gcc/arm-none-eabi/11.4.0/../../../../arm-none-eabi/lib/thumb/v7e-m/nofp\libc_nano.a(lib_a-init.o)
 .bss           0x00000000        0x0 c:/nxp/s32ds.3.6.4/s32ds/build_tools/gcc_v11.4/gcc-11.4-arm32-eabi/bin/../lib/gcc/arm-none-eabi/11.4.0/../../../../arm-none-eabi/lib/thumb/v7e-m/nofp\libc_nano.a(lib_a-init.o)
 .text          0x00000000        0x0 c:/nxp/s32ds.3.6.4/s32ds/build_tools/gcc_v11.4/gcc-11.4-arm32-eabi/bin/../lib/gcc/arm-none-eabi/11.4.0/../../../../arm-none-eabi/lib/thumb/v7e-m/nofp\libc_nano.a(lib_a-memset.o)
 .data          0x00000000        0x0 c:/nxp/s32ds.3.6.4/s32ds/build_tools/gcc_v11.4/gcc-11.4-arm32-eabi/bin/../lib/gcc/arm-none-eabi/11.4.0/../../../../arm-none-eabi/lib/thumb/v7e-m/nofp\libc_nano.a(lib_a-memset.o)
 .bss           0x00000000        0x0 c:/nxp/s32ds.3.6.4/s32ds/build_tools/gcc_v11.4/gcc-11.4-arm32-eabi/bin/../lib/gcc/arm-none-eabi/11.4.0/../../../../arm-none-eabi/lib/thumb/v7e-m/nofp\libc_nano.a(lib_a-memset.o)
 .text          0x00000000        0x0 c:/nxp/s32ds.3.6.4/s32ds/build_tools/gcc_v11.4/gcc-11.4-arm32-eabi/bin/../lib/gcc/arm-none-eabi/11.4.0/../../../../arm-none-eabi/lib/thumb/v7e-m/nofp\libnosys.a(_exit.o)
 .data          0x00000000        0x0 c:/nxp/s32ds.3.6.4/s32ds/build_tools/gcc_v11.4/gcc-11.4-arm32-eabi/bin/../lib/gcc/arm-none-eabi/11.4.0/../../../../arm-none-eabi/lib/thumb/v7e-m/nofp\libnosys.a(_exit.o)
 .bss           0x00000000        0x0 c:/nxp/s32ds.3.6.4/s32ds/build_tools/gcc_v11.4/gcc-11.4-arm32-eabi/bin/../lib/gcc/arm-none-eabi/11.4.0/../../../../arm-none-eabi/lib/thumb/v7e-m/nofp\libnosys.a(_exit.o)
 .text          0x00000000        0x0 c:/nxp/s32ds.3.6.4/s32ds/build_tools/gcc_v11.4/gcc-11.4-arm32-eabi/bin/../lib/gcc/arm-none-eabi/11.4.0/thumb/v7e-m/nofp/crtend.o
 .data          0x00000000        0x0 c:/nxp/s32ds.3.6.4/s32ds/build_tools/gcc_v11.4/gcc-11.4-arm32-eabi/bin/../lib/gcc/arm-none-eabi/11.4.0/thumb/v7e-m/nofp/crtend.o
 .bss           0x00000000        0x0 c:/nxp/s32ds.3.6.4/s32ds/build_tools/gcc_v11.4/gcc-11.4-arm32-eabi/bin/../lib/gcc/arm-none-eabi/11.4.0/thumb/v7e-m/nofp/crtend.o
 .rodata        0x00000000       0x24 c:/nxp/s32ds.3.6.4/s32ds/build_tools/gcc_v11.4/gcc-11.4-arm32-eabi/bin/../lib/gcc/arm-none-eabi/11.4.0/thumb/v7e-m/nofp/crtend.o
 .eh_frame      0x00000000        0x4 c:/nxp/s32ds.3.6.4/s32ds/build_tools/gcc_v11.4/gcc-11.4-arm32-eabi/bin/../lib/gcc/arm-none-eabi/11.4.0/thumb/v7e-m/nofp/crtend.o
 .text          0x00000000        0x0 c:/nxp/s32ds.3.6.4/s32ds/build_tools/gcc_v11.4/gcc-11.4-arm32-eabi/bin/../lib/gcc/arm-none-eabi/11.4.0/thumb/v7e-m/nofp/crtn.o
 .data          0x00000000        0x0 c:/nxp/s32ds.3.6.4/s32ds/build_tools/gcc_v11.4/gcc-11.4-arm32-eabi/bin/../lib/gcc/arm-none-eabi/11.4.0/thumb/v7e-m/nofp/crtn.o
 .bss           0x00000000        0x0 c:/nxp/s32ds.3.6.4/s32ds/build_tools/gcc_v11.4/gcc-11.4-arm32-eabi/bin/../lib/gcc/arm-none-eabi/11.4.0/thumb/v7e-m/nofp/crtn.o

Memory Configuration

Name             Origin             Length             Attributes
m_interrupts     0x00000000         0x00000400         xr
m_flash_config   0x00000400         0x00000010         xr
m_text           0x00000410         0x0007fbf0         xr
m_data           0x1fff8000         0x00008000         rw
m_data_2         0x20000000         0x00007000         rw
*default*        0x00000000         0xffffffff

Linker script and memory map

LOAD c:/nxp/s32ds.3.6.4/s32ds/build_tools/gcc_v11.4/gcc-11.4-arm32-eabi/bin/../lib/gcc/arm-none-eabi/11.4.0/thumb/v7e-m/nofp/crti.o
LOAD c:/nxp/s32ds.3.6.4/s32ds/build_tools/gcc_v11.4/gcc-11.4-arm32-eabi/bin/../lib/gcc/arm-none-eabi/11.4.0/thumb/v7e-m/nofp/crtbegin.o
LOAD c:/nxp/s32ds.3.6.4/s32ds/build_tools/gcc_v11.4/gcc-11.4-arm32-eabi/bin/../lib/gcc/arm-none-eabi/11.4.0/../../../../arm-none-eabi/lib/thumb/v7e-m/nofp/crt0.o
LOAD ./Project_Settings/Startup_Code/startup.o
LOAD ./Project_Settings/Startup_Code/startup_S32K144.o
LOAD ./Project_Settings/Startup_Code/system_S32K144.o
LOAD ./src/Driver_GPIO.o
LOAD ./src/Driver_USART.o
LOAD ./src/FLASH.o
LOAD ./src/HAL_GPIO.o
LOAD ./src/HAL_USART.o
LOAD ./src/QUEUE.o
LOAD ./src/SREC.o
LOAD ./src/main.o
START GROUP
LOAD c:/nxp/s32ds.3.6.4/s32ds/build_tools/gcc_v11.4/gcc-11.4-arm32-eabi/bin/../lib/gcc/arm-none-eabi/11.4.0/thumb/v7e-m/nofp\libgcc.a
LOAD c:/nxp/s32ds.3.6.4/s32ds/build_tools/gcc_v11.4/gcc-11.4-arm32-eabi/bin/../lib/gcc/arm-none-eabi/11.4.0/../../../../arm-none-eabi/lib/thumb/v7e-m/nofp\libc_nano.a
END GROUP
START GROUP
LOAD c:/nxp/s32ds.3.6.4/s32ds/build_tools/gcc_v11.4/gcc-11.4-arm32-eabi/bin/../lib/gcc/arm-none-eabi/11.4.0/thumb/v7e-m/nofp\libgcc.a
LOAD c:/nxp/s32ds.3.6.4/s32ds/build_tools/gcc_v11.4/gcc-11.4-arm32-eabi/bin/../lib/gcc/arm-none-eabi/11.4.0/../../../../arm-none-eabi/lib/thumb/v7e-m/nofp\libc_nano.a
LOAD c:/nxp/s32ds.3.6.4/s32ds/build_tools/gcc_v11.4/gcc-11.4-arm32-eabi/bin/../lib/gcc/arm-none-eabi/11.4.0/../../../../arm-none-eabi/lib/thumb/v7e-m/nofp\libnosys.a
END GROUP
START GROUP
LOAD c:/nxp/s32ds.3.6.4/s32ds/build_tools/gcc_v11.4/gcc-11.4-arm32-eabi/bin/../lib/gcc/arm-none-eabi/11.4.0/thumb/v7e-m/nofp\libgcc.a
LOAD c:/nxp/s32ds.3.6.4/s32ds/build_tools/gcc_v11.4/gcc-11.4-arm32-eabi/bin/../lib/gcc/arm-none-eabi/11.4.0/../../../../arm-none-eabi/lib/thumb/v7e-m/nofp\libc_nano.a
LOAD c:/nxp/s32ds.3.6.4/s32ds/build_tools/gcc_v11.4/gcc-11.4-arm32-eabi/bin/../lib/gcc/arm-none-eabi/11.4.0/../../../../arm-none-eabi/lib/thumb/v7e-m/nofp\libnosys.a
END GROUP
LOAD c:/nxp/s32ds.3.6.4/s32ds/build_tools/gcc_v11.4/gcc-11.4-arm32-eabi/bin/../lib/gcc/arm-none-eabi/11.4.0/thumb/v7e-m/nofp/crtend.o
LOAD c:/nxp/s32ds.3.6.4/s32ds/build_tools/gcc_v11.4/gcc-11.4-arm32-eabi/bin/../lib/gcc/arm-none-eabi/11.4.0/thumb/v7e-m/nofp/crtn.o
                0x00000400                HEAP_SIZE = DEFINED (__heap_size__)?__heap_size__:0x400
                0x00000400                STACK_SIZE = DEFINED (__stack_size__)?__stack_size__:0x400
                0x00000400                M_VECTOR_RAM_SIZE = DEFINED (__flash_vector_table__)?0x0:0x400

.interrupts     0x00000000      0x400
                0x00000000                __VECTOR_TABLE = .
                0x00000000                __interrupts_start__ = .
                0x00000000                . = ALIGN (0x4)
 *(.isr_vector)
 .isr_vector    0x00000000      0x400 ./Project_Settings/Startup_Code/startup_S32K144.o
                0x00000000                __isr_vector
                0x00000400                __interrupts_end__ = .
                0x00000400                . = ALIGN (0x4)

.flash_config   0x00000400       0x10
                0x00000400                . = ALIGN (0x4)
 *(.FlashConfig)
 .FlashConfig   0x00000400       0x10 ./Project_Settings/Startup_Code/startup_S32K144.o
                0x00000410                . = ALIGN (0x4)

.text           0x00000410     0x15dc
                0x00000410                . = ALIGN (0x4)
 *(.text)
 .text          0x00000410       0x88 c:/nxp/s32ds.3.6.4/s32ds/build_tools/gcc_v11.4/gcc-11.4-arm32-eabi/bin/../lib/gcc/arm-none-eabi/11.4.0/thumb/v7e-m/nofp/crtbegin.o
 .text          0x00000498       0x7c c:/nxp/s32ds.3.6.4/s32ds/build_tools/gcc_v11.4/gcc-11.4-arm32-eabi/bin/../lib/gcc/arm-none-eabi/11.4.0/../../../../arm-none-eabi/lib/thumb/v7e-m/nofp/crt0.o
                0x00000498                _stack_init
                0x000004a0                _start
                0x000004a0                _mainCRTStartup
 .text          0x00000514       0x6c ./Project_Settings/Startup_Code/startup_S32K144.o
                0x00000514                Reset_Handler
                0x0000057c                DebugMon_Handler
                0x0000057c                Reserved88_IRQHandler
                0x0000057c                CAN0_ORed_IRQHandler
                0x0000057c                HardFault_Handler
                0x0000057c                Reserved86_IRQHandler
                0x0000057c                Reserved103_IRQHandler
                0x0000057c                SysTick_Handler
                0x0000057c                FTM2_Ovf_Reload_IRQHandler
                0x0000057c                Reserved50_IRQHandler
                0x0000057c                FTFC_Fault_IRQHandler
                0x0000057c                FTM0_Ch6_Ch7_IRQHandler
                0x0000057c                Reserved114_IRQHandler
                0x0000057c                PendSV_Handler
                0x0000057c                NMI_Handler
                0x0000057c                Reserved89_IRQHandler
                0x0000057c                ERM_double_fault_IRQHandler
                0x0000057c                DMA2_IRQHandler
                0x0000057c                Reserved59_IRQHandler
                0x0000057c                LPIT0_Ch0_IRQHandler
                0x0000057c                Reserved99_IRQHandler
                0x0000057c                FTM3_Ch6_Ch7_IRQHandler
                0x0000057c                CAN2_ORed_0_15_MB_IRQHandler
                0x0000057c                LPIT0_Ch3_IRQHandler
                0x0000057c                Reserved92_IRQHandler
                0x0000057c                FTM0_Ch4_Ch5_IRQHandler
                0x0000057c                CAN1_Error_IRQHandler
                0x0000057c                FTM3_Ch0_Ch1_IRQHandler
                0x0000057c                SWI_IRQHandler
                0x0000057c                ADC0_IRQHandler
                0x0000057c                FTM2_Ch4_Ch5_IRQHandler
                0x0000057c                UsageFault_Handler
                0x0000057c                FTM0_Ovf_Reload_IRQHandler
                0x0000057c                DefaultISR
                0x0000057c                DMA9_IRQHandler
                0x0000057c                Reserved58_IRQHandler
                0x0000057c                CAN1_ORed_0_15_MB_IRQHandler
                0x0000057c                FTM1_Ch2_Ch3_IRQHandler
                0x0000057c                DMA14_IRQHandler
                0x0000057c                Reserved82_IRQHandler
                0x0000057c                CAN0_ORed_16_31_MB_IRQHandler
                0x0000057c                LPI2C0_Slave_IRQHandler
                0x0000057c                Reserved71_IRQHandler
                0x0000057c                PORTD_IRQHandler
                0x0000057c                Reserved69_IRQHandler
                0x0000057c                PORTB_IRQHandler
                0x0000057c                Reserved70_IRQHandler
                0x0000057c                ADC1_IRQHandler
                0x0000057c                FTM2_Ch2_Ch3_IRQHandler
                0x0000057c                Reserved53_IRQHandler
                0x0000057c                DMA5_IRQHandler
                0x0000057c                RTC_IRQHandler
                0x0000057c                PDB0_IRQHandler
                0x0000057c                Reserved54_IRQHandler
                0x0000057c                FTM2_Ch6_Ch7_IRQHandler
                0x0000057c                FTM3_Ch2_Ch3_IRQHandler
                0x0000057c                FTM2_Ch0_Ch1_IRQHandler
                0x0000057c                LPSPI1_IRQHandler
                0x0000057c                RTC_Seconds_IRQHandler
                0x0000057c                CAN2_ORed_IRQHandler
                0x0000057c                Reserved72_IRQHandler
                0x0000057c                Reserved110_IRQHandler
                0x0000057c                DMA11_IRQHandler
                0x0000057c                Reserved107_IRQHandler
                0x0000057c                Read_Collision_IRQHandler
                0x0000057c                CAN2_Error_IRQHandler
                0x0000057c                DMA7_IRQHandler
                0x0000057c                FTM1_Ch6_Ch7_IRQHandler
                0x0000057c                Reserved105_IRQHandler
                0x0000057c                LPIT0_Ch1_IRQHandler
                0x0000057c                FTM1_Ch4_Ch5_IRQHandler
                0x0000057c                FTM3_Ovf_Reload_IRQHandler
                0x0000057c                LPUART2_RxTx_IRQHandler
                0x0000057c                LPSPI0_IRQHandler
                0x0000057c                WDOG_EWM_IRQHandler
                0x0000057c                MemManage_Handler
                0x0000057c                Reserved90_IRQHandler
                0x0000057c                Reserved83_IRQHandler
                0x0000057c                FTM0_Fault_IRQHandler
                0x0000057c                Reserved48_IRQHandler
                0x0000057c                SVC_Handler
                0x0000057c                ERM_single_fault_IRQHandler
                0x0000057c                FTM2_Fault_IRQHandler
                0x0000057c                FTM0_Ch2_Ch3_IRQHandler
                0x0000057c                DMA13_IRQHandler
                0x0000057c                FTM0_Ch0_Ch1_IRQHandler
                0x0000057c                FTM3_Fault_IRQHandler
                0x0000057c                RCM_IRQHandler
                0x0000057c                DMA3_IRQHandler
                0x0000057c                Reserved100_IRQHandler
                0x0000057c                DMA0_IRQHandler
                0x0000057c                Reserved91_IRQHandler
                0x0000057c                CAN1_ORed_IRQHandler
                0x0000057c                DMA15_IRQHandler
                0x0000057c                SCG_IRQHandler
                0x0000057c                PDB1_IRQHandler
                0x0000057c                Reserved81_IRQHandler
                0x0000057c                Reserved46_IRQHandler
                0x0000057c                Reserved45_IRQHandler
                0x0000057c                CAN0_Error_IRQHandler
                0x0000057c                Reserved112_IRQHandler
                0x0000057c                LPI2C0_Master_IRQHandler
                0x0000057c                DMA4_IRQHandler
                0x0000057c                FTM1_Fault_IRQHandler
                0x0000057c                Reserved106_IRQHandler
                0x0000057c                DMA_Error_IRQHandler
                0x0000057c                LVD_LVW_IRQHandler
                0x0000057c                LPIT0_Ch2_IRQHandler
                0x0000057c                PORTA_IRQHandler
                0x0000057c                MCM_IRQHandler
                0x0000057c                LPSPI2_IRQHandler
                0x0000057c                DMA12_IRQHandler
                0x0000057c                FTM3_Ch4_Ch5_IRQHandler
                0x0000057c                CAN0_ORed_0_15_MB_IRQHandler
                0x0000057c                PORTE_IRQHandler
                0x0000057c                LPUART0_RxTx_IRQHandler
                0x0000057c                LPTMR0_IRQHandler
                0x0000057c                BusFault_Handler
                0x0000057c                Reserved87_IRQHandler
                0x0000057c                FTM1_Ovf_Reload_IRQHandler
                0x0000057c                DMA8_IRQHandler
                0x0000057c                Reserved93_IRQHandler
                0x0000057c                DMA10_IRQHandler
                0x0000057c                CAN0_Wake_Up_IRQHandler
                0x0000057c                CMP0_IRQHandler
                0x0000057c                Reserved52_IRQHandler
                0x0000057c                PORTC_IRQHandler
                0x0000057c                DMA6_IRQHandler
                0x0000057c                FTM1_Ch0_Ch1_IRQHandler
                0x0000057c                FLEXIO_IRQHandler
                0x0000057c                DMA1_IRQHandler
                0x0000057c                Reserved113_IRQHandler
                0x00000580                acmem_43_infls_code_rom_start = .
                0x00000580                acfls_code_rom_start = .
                0x00000580                . = ALIGN (0x4)
 *(.acfls_code_rom)
                0x00000580                . = ALIGN (0x4)
                0x00000580                acfls_code_rom_end = .
 *(.acmem_43_infls_code_rom)
 .acmem_43_infls_code_rom
                0x00000580       0x24 ./src/FLASH.o
                0x00000580                Ftfc_AccessCode
                0x000005a4                . = ALIGN (0x4)
                0x000005a4                acmem_43_infls_code_rom_end = .
 *(.text*)
 .text.init_data_bss
                0x000005a4      0x128 ./Project_Settings/Startup_Code/startup.o
                0x000005a4                init_data_bss
 .text.SystemInit
                0x000006cc       0x30 ./Project_Settings/Startup_Code/system_S32K144.o
                0x000006cc                SystemInit
 .text.GPIO1_Setup
                0x000006fc       0x30 ./src/Driver_GPIO.o
 .text.GPIO1_SetDirection
                0x0000072c       0x4e ./src/Driver_GPIO.o
 .text.GPIO1_SetOutputMode
                0x0000077a       0x1a ./src/Driver_GPIO.o
 .text.GPIO1_SetPullResistor
                0x00000794       0x1a ./src/Driver_GPIO.o
 .text.GPIO1_SetEventTrigger
                0x000007ae       0x1a ./src/Driver_GPIO.o
 .text.GPIO1_SetOutput
                0x000007c8       0x26 ./src/Driver_GPIO.o
 .text.GPIO1_GetInput
                0x000007ee       0x22 ./src/Driver_GPIO.o
 .text.ARM_USART_GetVersion
                0x00000810       0x28 ./src/Driver_USART.o
 .text.ARM_USART_GetCapabilities
                0x00000838       0x12 ./src/Driver_USART.o
 .text.ARM_USART_Initialize
                0x0000084a       0x1e ./src/Driver_USART.o
 .text.ARM_USART_Uninitialize
                0x00000868       0x10 ./src/Driver_USART.o
 .text.ARM_USART_PowerControl
                0x00000878       0x18 ./src/Driver_USART.o
 .text.ARM_USART_Send
                0x00000890       0x1a ./src/Driver_USART.o
 .text.ARM_USART_Receive
                0x000008aa       0x26 ./src/Driver_USART.o
 .text.ARM_USART_Transfer
                0x000008d0       0x1a ./src/Driver_USART.o
 .text.ARM_USART_GetTxCount
                0x000008ea       0x10 ./src/Driver_USART.o
 .text.ARM_USART_GetRxCount
                0x000008fa       0x10 ./src/Driver_USART.o
 .text.ARM_USART_Control
                0x0000090a       0x18 ./src/Driver_USART.o
 .text.ARM_USART_GetStatus
                0x00000922       0x16 ./src/Driver_USART.o
 .text.ARM_USART_SetModemControl
                0x00000938       0x18 ./src/Driver_USART.o
 .text.ARM_USART_GetModemStatus
                0x00000950       0x16 ./src/Driver_USART.o
 .text.Read_FlashAddress
                0x00000966       0x16 ./src/FLASH.o
                0x00000966                Read_FlashAddress
 .text.Mem_43_INFLS_IPW_LoadAc
                0x0000097c       0x54 ./src/FLASH.o
                0x0000097c                Mem_43_INFLS_IPW_LoadAc
 .text.Program_LongWord_8B
                0x000009d0       0xac ./src/FLASH.o
                0x000009d0                Program_LongWord_8B
 .text.Erase_Sector
                0x00000a7c       0x5c ./src/FLASH.o
                0x00000a7c                Erase_Sector
 .text.Erase_Multi_Sector
                0x00000ad8       0x3a ./src/FLASH.o
                0x00000ad8                Erase_Multi_Sector
 .text.FTFC_IRQHandler
                0x00000b12        0xc ./src/FLASH.o
                0x00000b12                FTFC_IRQHandler
 *fill*         0x00000b1e        0x2 
 .text.HAL_GPIO1_ClockInit
                0x00000b20       0x20 ./src/HAL_GPIO.o
                0x00000b20                HAL_GPIO1_ClockInit
 .text.HAL_GPIO1_PinInit
                0x00000b40       0x40 ./src/HAL_GPIO.o
                0x00000b40                HAL_GPIO1_PinInit
 .text.HAL_GPIO1_PinDataDirection
                0x00000b80       0x4c ./src/HAL_GPIO.o
                0x00000b80                HAL_GPIO1_PinDataDirection
 .text.HAL_GPIO1_WritePin
                0x00000bcc       0x4c ./src/HAL_GPIO.o
                0x00000bcc                HAL_GPIO1_WritePin
 .text.HAL_GPIO1_ReadPin
                0x00000c18       0x30 ./src/HAL_GPIO.o
                0x00000c18                HAL_GPIO1_ReadPin
 .text.HAL_USART_ClockInit
                0x00000c48       0x50 ./src/HAL_USART.o
                0x00000c48                HAL_USART_ClockInit
 .text.HAL_USART_PinInit
                0x00000c98       0x28 ./src/HAL_USART.o
                0x00000c98                HAL_USART_PinInit
 .text.HAL_USART_LPUART_Init
                0x00000cc0       0x80 ./src/HAL_USART.o
                0x00000cc0                HAL_USART_LPUART_Init
 .text.HAL_USART_sendChar
                0x00000d40       0x2c ./src/HAL_USART.o
                0x00000d40                HAL_USART_sendChar
 .text.HAL_USART_sendString
                0x00000d6c       0x2c ./src/HAL_USART.o
                0x00000d6c                HAL_USART_sendString
 .text.HAL_USART_GetLineFromQueue
                0x00000d98       0x20 ./src/HAL_USART.o
                0x00000d98                HAL_USART_GetLineFromQueue
 .text.LPUART1_RxTx_IRQHandler
                0x00000db8       0x78 ./src/HAL_USART.o
                0x00000db8                LPUART1_RxTx_IRQHandler
 .text.Queue_CopyString
                0x00000e30       0x60 ./src/QUEUE.o
 .text.Queue_Init
                0x00000e90       0x30 ./src/QUEUE.o
                0x00000e90                Queue_Init
 .text.Queue_Push
                0x00000ec0       0x74 ./src/QUEUE.o
                0x00000ec0                Queue_Push
 .text.Queue_Pop
                0x00000f34       0x74 ./src/QUEUE.o
                0x00000f34                Queue_Pop
 .text.SREC_HexToByte
                0x00000fa8       0xbc ./src/SREC.o
                0x00000fa8                SREC_HexToByte
 .text.SREC_ParseLine
                0x00001064      0x198 ./src/SREC.o
                0x00001064                SREC_ParseLine
 .text.main     0x000011fc      0x230 ./src/main.o
                0x000011fc                main
 .text.My_Set_MSP
                0x0000142c       0x18 ./src/main.o
 .text.Process_Smart_Write
                0x00001444       0xe4 ./src/main.o
                0x00001444                Process_Smart_Write
 .text.Flush_Pending_Data
                0x00001528       0x40 ./src/main.o
                0x00001528                Flush_Pending_Data
 .text.SOSC_init_8MHz
                0x00001568       0x54 ./src/main.o
                0x00001568                SOSC_init_8MHz
 .text.SPLL_init_160MHz
                0x000015bc       0x58 ./src/main.o
                0x000015bc                SPLL_init_160MHz
 .text.NormalRunMode_Init
                0x00001614       0x2c ./src/main.o
                0x00001614                NormalRunMode_Init
 .text.JumpToUserApp
                0x00001640       0x3c ./src/main.o
                0x00001640                JumpToUserApp
 .text.SREC_ReportError
                0x0000167c       0x80 ./src/main.o
                0x0000167c                SREC_ReportError
 .text.exit     0x000016fc       0x28 c:/nxp/s32ds.3.6.4/s32ds/build_tools/gcc_v11.4/gcc-11.4-arm32-eabi/bin/../lib/gcc/arm-none-eabi/11.4.0/../../../../arm-none-eabi/lib/thumb/v7e-m/nofp\libc_nano.a(lib_a-exit.o)
                0x000016fc                exit
 .text.__libc_init_array
                0x00001724       0x48 c:/nxp/s32ds.3.6.4/s32ds/build_tools/gcc_v11.4/gcc-11.4-arm32-eabi/bin/../lib/gcc/arm-none-eabi/11.4.0/../../../../arm-none-eabi/lib/thumb/v7e-m/nofp\libc_nano.a(lib_a-init.o)
                0x00001724                __libc_init_array
 .text.memset   0x0000176c       0x10 c:/nxp/s32ds.3.6.4/s32ds/build_tools/gcc_v11.4/gcc-11.4-arm32-eabi/bin/../lib/gcc/arm-none-eabi/11.4.0/../../../../arm-none-eabi/lib/thumb/v7e-m/nofp\libc_nano.a(lib_a-memset.o)
                0x0000176c                memset
 .text._exit    0x0000177c        0x2 c:/nxp/s32ds.3.6.4/s32ds/build_tools/gcc_v11.4/gcc-11.4-arm32-eabi/bin/../lib/gcc/arm-none-eabi/11.4.0/../../../../arm-none-eabi/lib/thumb/v7e-m/nofp\libnosys.a(_exit.o)
                0x0000177c                _exit
 *(.rodata)
 *fill*         0x0000177e        0x2 
 .rodata        0x00001780      0x1f7 ./src/main.o
 *(.rodata*)
 *fill*         0x00001977        0x1 
 .rodata.Driver_GPIO1
                0x00001978       0x1c ./src/Driver_GPIO.o
                0x00001978                Driver_GPIO1
 .rodata.DriverVersion
                0x00001994        0x4 ./src/Driver_USART.o
 .rodata.Driver_USART0
                0x00001998       0x38 ./src/Driver_USART.o
                0x00001998                Driver_USART0
 .rodata._global_impure_ptr
                0x000019d0        0x4 c:/nxp/s32ds.3.6.4/s32ds/build_tools/gcc_v11.4/gcc-11.4-arm32-eabi/bin/../lib/gcc/arm-none-eabi/11.4.0/../../../../arm-none-eabi/lib/thumb/v7e-m/nofp\libc_nano.a(lib_a-impure.o)
                0x000019d0                _global_impure_ptr
 *(.glue_7)
 .glue_7        0x000019d4        0x0 linker stubs
 *(.glue_7t)
 .glue_7t       0x000019d4        0x0 linker stubs
 *(.eh_frame)
 .eh_frame      0x000019d4        0x0 c:/nxp/s32ds.3.6.4/s32ds/build_tools/gcc_v11.4/gcc-11.4-arm32-eabi/bin/../lib/gcc/arm-none-eabi/11.4.0/thumb/v7e-m/nofp/crtbegin.o
 *(.init)
 .init          0x000019d4        0x4 c:/nxp/s32ds.3.6.4/s32ds/build_tools/gcc_v11.4/gcc-11.4-arm32-eabi/bin/../lib/gcc/arm-none-eabi/11.4.0/thumb/v7e-m/nofp/crti.o
                0x000019d4                _init
 .init          0x000019d8        0x8 c:/nxp/s32ds.3.6.4/s32ds/build_tools/gcc_v11.4/gcc-11.4-arm32-eabi/bin/../lib/gcc/arm-none-eabi/11.4.0/thumb/v7e-m/nofp/crtn.o
 *(.fini)
 .fini          0x000019e0        0x4 c:/nxp/s32ds.3.6.4/s32ds/build_tools/gcc_v11.4/gcc-11.4-arm32-eabi/bin/../lib/gcc/arm-none-eabi/11.4.0/thumb/v7e-m/nofp/crti.o
                0x000019e0                _fini
 .fini          0x000019e4        0x8 c:/nxp/s32ds.3.6.4/s32ds/build_tools/gcc_v11.4/gcc-11.4-arm32-eabi/bin/../lib/gcc/arm-none-eabi/11.4.0/thumb/v7e-m/nofp/crtn.o
                0x000019ec                . = ALIGN (0x4)

.vfp11_veneer   0x000019ec        0x0
 .vfp11_veneer  0x000019ec        0x0 linker stubs

.v4_bx          0x000019ec        0x0
 .v4_bx         0x000019ec        0x0 linker stubs

.iplt           0x000019ec        0x0
 .iplt          0x000019ec        0x0 c:/nxp/s32ds.3.6.4/s32ds/build_tools/gcc_v11.4/gcc-11.4-arm32-eabi/bin/../lib/gcc/arm-none-eabi/11.4.0/thumb/v7e-m/nofp/crtbegin.o

.ARM.extab
 *(.ARM.extab* .gnu.linkonce.armextab.*)

.ARM            0x000019ec        0x8
                0x000019ec                __exidx_start = .
 *(.ARM.exidx*)
 .ARM.exidx     0x000019ec        0x8 c:/nxp/s32ds.3.6.4/s32ds/build_tools/gcc_v11.4/gcc-11.4-arm32-eabi/bin/../lib/gcc/arm-none-eabi/11.4.0/../../../../arm-none-eabi/lib/thumb/v7e-m/nofp/crt0.o
                                 0x10 (size before relaxing)
                0x000019f4                __exidx_end = .

.rel.dyn        0x000019f4        0x0
 .rel.iplt      0x000019f4        0x0 c:/nxp/s32ds.3.6.4/s32ds/build_tools/gcc_v11.4/gcc-11.4-arm32-eabi/bin/../lib/gcc/arm-none-eabi/11.4.0/thumb/v7e-m/nofp/crtbegin.o

.ctors          0x000019f4        0x0
                0x000019f4                __CTOR_LIST__ = .
 *crtbegin.o(.ctors)
 *crtbegin?.o(.ctors)
 *(EXCLUDE_FILE(*crtend.o *crtend?.o) .ctors)
 *(SORT_BY_NAME(.ctors.*))
 *(.ctors)
                0x000019f4                __CTOR_END__ = .

.dtors          0x000019f4        0x0
                0x000019f4                __DTOR_LIST__ = .
 *crtbegin.o(.dtors)
 *crtbegin?.o(.dtors)
 *(EXCLUDE_FILE(*crtend.o *crtend?.o) .dtors)
 *(SORT_BY_NAME(.dtors.*))
 *(.dtors)
                0x000019f4                __DTOR_END__ = .

.preinit_array  0x000019f4        0x0
                0x000019f4                PROVIDE (__preinit_array_start = .)
 *(.preinit_array*)
                0x000019f4                PROVIDE (__preinit_array_end = .)

.init_array     0x000019f4        0x4
                0x000019f4                PROVIDE (__init_array_start = .)
 *(SORT_BY_NAME(.init_array.*))
 *(.init_array*)
 .init_array    0x000019f4        0x4 c:/nxp/s32ds.3.6.4/s32ds/build_tools/gcc_v11.4/gcc-11.4-arm32-eabi/bin/../lib/gcc/arm-none-eabi/11.4.0/thumb/v7e-m/nofp/crtbegin.o
                0x000019f8                PROVIDE (__init_array_end = .)

.fini_array     0x000019f8        0x4
                [!provide]                PROVIDE (__fini_array_start = .)
 *(SORT_BY_NAME(.fini_array.*))
 *(.fini_array*)
 .fini_array    0x000019f8        0x4 c:/nxp/s32ds.3.6.4/s32ds/build_tools/gcc_v11.4/gcc-11.4-arm32-eabi/bin/../lib/gcc/arm-none-eabi/11.4.0/thumb/v7e-m/nofp/crtbegin.o
                [!provide]                PROVIDE (__fini_array_end = .)
                0x000019fc                __etext = .
                0x000019fc                __DATA_ROM = .

.interrupts_ram
                0x1fff8000      0x400
                0x1fff8000                . = ALIGN (0x4)
                0x1fff8000                __VECTOR_RAM__ = .
                0x1fff8000                __RAM_START = .
                0x1fff8000                __interrupts_ram_start__ = .
 *(.m_interrupts_ram)
                0x1fff8400                . = (. + M_VECTOR_RAM_SIZE)
 *fill*         0x1fff8000      0x400 
                0x1fff8400                . = ALIGN (0x4)
                0x1fff8400                __interrupts_ram_end__ = .
                0x1fff8000                __VECTOR_RAM = DEFINED (__flash_vector_table__)?ORIGIN (m_interrupts):__VECTOR_RAM__
                0x00000400                __RAM_VECTOR_TABLE_SIZE = DEFINED (__flash_vector_table__)?0x0:(__interrupts_ram_end__ - __interrupts_ram_start__)

.acfls_code_ram
                0x1fff8400       0x40
                0x1fff8440                . = (. + 0x40)
 *fill*         0x1fff8400       0x40 

.data           0x1fff8440       0x60 load address 0x000019fc
                0x1fff8440                . = ALIGN (0x4)
                0x1fff8440                __DATA_RAM = .
                0x1fff8440                __data_start__ = .
 *(.data)
 *(.data*)
 .data.impure_data
                0x1fff8440       0x60 c:/nxp/s32ds.3.6.4/s32ds/build_tools/gcc_v11.4/gcc-11.4-arm32-eabi/bin/../lib/gcc/arm-none-eabi/11.4.0/../../../../arm-none-eabi/lib/thumb/v7e-m/nofp\libc_nano.a(lib_a-impure.o)
 *(.jcr*)
                0x1fff84a0                . = ALIGN (0x4)
                0x1fff84a0                __data_end__ = .
                0x00001a5c                __DATA_END = (__DATA_ROM + (__data_end__ - __data_start__))
                0x00001a5c                __CODE_ROM = __DATA_END

.tm_clone_table
                0x1fff84a0        0x0 load address 0x00001a5c
 .tm_clone_table
                0x1fff84a0        0x0 c:/nxp/s32ds.3.6.4/s32ds/build_tools/gcc_v11.4/gcc-11.4-arm32-eabi/bin/../lib/gcc/arm-none-eabi/11.4.0/thumb/v7e-m/nofp/crtbegin.o
 .tm_clone_table
                0x1fff84a0        0x0 c:/nxp/s32ds.3.6.4/s32ds/build_tools/gcc_v11.4/gcc-11.4-arm32-eabi/bin/../lib/gcc/arm-none-eabi/11.4.0/thumb/v7e-m/nofp/crtend.o

.igot.plt       0x1fff84a0        0x0 load address 0x00001a5c
 .igot.plt      0x1fff84a0        0x0 c:/nxp/s32ds.3.6.4/s32ds/build_tools/gcc_v11.4/gcc-11.4-arm32-eabi/bin/../lib/gcc/arm-none-eabi/11.4.0/thumb/v7e-m/nofp/crtbegin.o

.code           0x1fff84a0        0x0 load address 0x00001a5c
                0x1fff84a0                . = ALIGN (0x4)
                0x1fff84a0                __CODE_RAM = .
                0x1fff84a0                __code_start__ = .
                0x1fff84a0                __code_ram_start__ = .
 *(.code_ram)
                0x1fff84a0                . = ALIGN (0x4)
                0x1fff84a0                __code_end__ = .
                0x1fff84a0                __code_ram_end__ = .
                0x00001a5c                __CODE_END = (__CODE_ROM + (__code_end__ - __code_start__))
                0x00001a5c                __CUSTOM_ROM = __CODE_END

.customSectionBlock
                0x20000000        0x0 load address 0x00001a5c
                0x20000000                __customSection_start__ = .
 *(.customSection)
                0x20000000                __customSection_end__ = .
                0x00001a5c                __CUSTOM_END = (__CUSTOM_ROM + (__customSection_end__ - __customSection_start__))

.bss            0x20000000      0x2d4
                0x20000000                . = ALIGN (0x4)
                0x20000000                __BSS_START = .
                0x20000000                __bss_start__ = .
 *(.bss)
 .bss           0x20000000       0x1c c:/nxp/s32ds.3.6.4/s32ds/build_tools/gcc_v11.4/gcc-11.4-arm32-eabi/bin/../lib/gcc/arm-none-eabi/11.4.0/thumb/v7e-m/nofp/crtbegin.o
 *(.bss*)
 .bss.s_rx_queue
                0x2000001c      0x193 ./src/HAL_USART.o
 *fill*         0x200001af        0x1 
 .bss.s_isr_temp_buffer
                0x200001b0       0x64 ./src/HAL_USART.o
 .bss.s_isr_index
                0x20000214        0x1 ./src/HAL_USART.o
 *fill*         0x20000215        0x3 
 .bss.g_appBuffer
                0x20000218       0x64 ./src/main.o
                0x20000218                g_appBuffer
 .bss.g_srecLineData
                0x2000027c       0x48 ./src/main.o
                0x2000027c                g_srecLineData
 .bss.s_pendingBuffer
                0x200002c4        0x8 ./src/main.o
 .bss.s_pendingAddr
                0x200002cc        0x4 ./src/main.o
 .bss.s_hasPendingData
                0x200002d0        0x1 ./src/main.o
 .bss.s_inputSrecType
                0x200002d1        0x1 ./src/main.o
 .bss.s_flagFirstSrecType
                0x200002d2        0x1 ./src/main.o
 *(COMMON)
                0x200002d4                . = ALIGN (0x4)
 *fill*         0x200002d3        0x1 
                0x200002d4                __bss_end__ = .
                0x200002d4                __BSS_END = .

.acmem_43_infls_code_ram
                0x200002d4       0x24
                0x200002f8                . = (. + (acmem_43_infls_code_rom_end - acmem_43_infls_code_rom_start))
 *fill*         0x200002d4       0x24 

.heap           0x200002f8      0x400
                0x200002f8                . = ALIGN (0x8)
                0x200002f8                __end__ = .
                0x200002f8                __heap_start__ = .
                [!provide]                PROVIDE (end = .)
                [!provide]                PROVIDE (_end = .)
                [!provide]                PROVIDE (__end = .)
                0x200002f8                __HeapBase = .
                0x200006f8                . = (. + HEAP_SIZE)
 *fill*         0x200002f8      0x400 
                0x200006f8                __HeapLimit = .
                0x200006f8                __heap_limit = .
                0x200006f8                __heap_end__ = .
                0x20007000                __StackTop = (ORIGIN (m_data_2) + LENGTH (m_data_2))
                0x20006c00                __StackLimit = (__StackTop - STACK_SIZE)
                0x20007000                PROVIDE (__stack = __StackTop)
                0x20007000                __RAM_END = __StackTop

.stack          0x20006c00      0x400
                0x20006c00                . = ALIGN (0x8)
                0x20006c00                __stack_start__ = .
                0x20007000                . = (. + STACK_SIZE)
 *fill*         0x20006c00      0x400 
                0x20007000                __stack_end__ = .
                0x20000000                __START_BSS = __BSS_START
                0x200002d4                __END_BSS = __BSS_END
                0x20007000                __SP_INIT = __StackTop
                0x1fff8000                WriteFuncAddress = 0x1fff8000
                0x00000580                Mem_43_INFLS_ACWriteRomStart = acmem_43_infls_code_rom_start
                0x000005a4                Mem_43_INFLS_ACWriteRomEnd = acmem_43_infls_code_rom_end
                0x00000009                Mem_43_INFLS_ACWriteSize = (((acmem_43_infls_code_rom_end - acmem_43_infls_code_rom_start) + 0x3) / 0x4)

.ARM.attributes
                0x00000000       0x2a
 *(.ARM.attributes)
 .ARM.attributes
                0x00000000       0x1e c:/nxp/s32ds.3.6.4/s32ds/build_tools/gcc_v11.4/gcc-11.4-arm32-eabi/bin/../lib/gcc/arm-none-eabi/11.4.0/thumb/v7e-m/nofp/crti.o
 .ARM.attributes
                0x0000001e       0x2e c:/nxp/s32ds.3.6.4/s32ds/build_tools/gcc_v11.4/gcc-11.4-arm32-eabi/bin/../lib/gcc/arm-none-eabi/11.4.0/thumb/v7e-m/nofp/crtbegin.o
 .ARM.attributes
                0x0000004c       0x1c c:/nxp/s32ds.3.6.4/s32ds/build_tools/gcc_v11.4/gcc-11.4-arm32-eabi/bin/../lib/gcc/arm-none-eabi/11.4.0/../../../../arm-none-eabi/lib/thumb/v7e-m/nofp/crt0.o
 .ARM.attributes
                0x00000068       0x2e ./Project_Settings/Startup_Code/startup.o
 .ARM.attributes
                0x00000096       0x1b ./Project_Settings/Startup_Code/startup_S32K144.o
 .ARM.attributes
                0x000000b1       0x2e ./Project_Settings/Startup_Code/system_S32K144.o
 .ARM.attributes
                0x000000df       0x2e ./src/Driver_GPIO.o
 .ARM.attributes
                0x0000010d       0x2e ./src/Driver_USART.o
 .ARM.attributes
                0x0000013b       0x2e ./src/FLASH.o
 .ARM.attributes
                0x00000169       0x2e ./src/HAL_GPIO.o
 .ARM.attributes
                0x00000197       0x2e ./src/HAL_USART.o
 .ARM.attributes
                0x000001c5       0x2e ./src/QUEUE.o
 .ARM.attributes
                0x000001f3       0x2e ./src/SREC.o
 .ARM.attributes
                0x00000221       0x2e ./src/main.o
 .ARM.attributes
                0x0000024f       0x2e c:/nxp/s32ds.3.6.4/s32ds/build_tools/gcc_v11.4/gcc-11.4-arm32-eabi/bin/../lib/gcc/arm-none-eabi/11.4.0/../../../../arm-none-eabi/lib/thumb/v7e-m/nofp\libc_nano.a(lib_a-exit.o)
 .ARM.attributes
                0x0000027d       0x2e c:/nxp/s32ds.3.6.4/s32ds/build_tools/gcc_v11.4/gcc-11.4-arm32-eabi/bin/../lib/gcc/arm-none-eabi/11.4.0/../../../../arm-none-eabi/lib/thumb/v7e-m/nofp\libc_nano.a(lib_a-impure.o)
 .ARM.attributes
                0x000002ab       0x2e c:/nxp/s32ds.3.6.4/s32ds/build_tools/gcc_v11.4/gcc-11.4-arm32-eabi/bin/../lib/gcc/arm-none-eabi/11.4.0/../../../../arm-none-eabi/lib/thumb/v7e-m/nofp\libc_nano.a(lib_a-init.o)
 .ARM.attributes
                0x000002d9       0x2e c:/nxp/s32ds.3.6.4/s32ds/build_tools/gcc_v11.4/gcc-11.4-arm32-eabi/bin/../lib/gcc/arm-none-eabi/11.4.0/../../../../arm-none-eabi/lib/thumb/v7e-m/nofp\libc_nano.a(lib_a-memset.o)
 .ARM.attributes
                0x00000307       0x2e c:/nxp/s32ds.3.6.4/s32ds/build_tools/gcc_v11.4/gcc-11.4-arm32-eabi/bin/../lib/gcc/arm-none-eabi/11.4.0/../../../../arm-none-eabi/lib/thumb/v7e-m/nofp\libnosys.a(_exit.o)
 .ARM.attributes
                0x00000335       0x2e c:/nxp/s32ds.3.6.4/s32ds/build_tools/gcc_v11.4/gcc-11.4-arm32-eabi/bin/../lib/gcc/arm-none-eabi/11.4.0/thumb/v7e-m/nofp/crtend.o
 .ARM.attributes
                0x00000363       0x1e c:/nxp/s32ds.3.6.4/s32ds/build_tools/gcc_v11.4/gcc-11.4-arm32-eabi/bin/../lib/gcc/arm-none-eabi/11.4.0/thumb/v7e-m/nofp/crtn.o
                0x00000001                ASSERT ((__StackLimit >= __HeapLimit), region m_data_2 overflowed with stack and heap)
OUTPUT(Bootapp_Final.elf elf32-littlearm)
LOAD linker stubs

.comment        0x00000000       0x88
 .comment       0x00000000       0x88 c:/nxp/s32ds.3.6.4/s32ds/build_tools/gcc_v11.4/gcc-11.4-arm32-eabi/bin/../lib/gcc/arm-none-eabi/11.4.0/thumb/v7e-m/nofp/crtbegin.o
                                 0x89 (size before relaxing)
 .comment       0x00000088       0x89 ./Project_Settings/Startup_Code/startup.o
 .comment       0x00000088       0x89 ./Project_Settings/Startup_Code/system_S32K144.o
 .comment       0x00000088       0x89 ./src/Driver_GPIO.o
 .comment       0x00000088       0x89 ./src/Driver_USART.o
 .comment       0x00000088       0x89 ./src/FLASH.o
 .comment       0x00000088       0x89 ./src/HAL_GPIO.o
 .comment       0x00000088       0x89 ./src/HAL_USART.o
 .comment       0x00000088       0x89 ./src/QUEUE.o
 .comment       0x00000088       0x89 ./src/SREC.o
 .comment       0x00000088       0x89 ./src/main.o
 .comment       0x00000088       0x89 c:/nxp/s32ds.3.6.4/s32ds/build_tools/gcc_v11.4/gcc-11.4-arm32-eabi/bin/../lib/gcc/arm-none-eabi/11.4.0/../../../../arm-none-eabi/lib/thumb/v7e-m/nofp\libc_nano.a(lib_a-exit.o)
 .comment       0x00000088       0x89 c:/nxp/s32ds.3.6.4/s32ds/build_tools/gcc_v11.4/gcc-11.4-arm32-eabi/bin/../lib/gcc/arm-none-eabi/11.4.0/../../../../arm-none-eabi/lib/thumb/v7e-m/nofp\libc_nano.a(lib_a-impure.o)
 .comment       0x00000088       0x89 c:/nxp/s32ds.3.6.4/s32ds/build_tools/gcc_v11.4/gcc-11.4-arm32-eabi/bin/../lib/gcc/arm-none-eabi/11.4.0/../../../../arm-none-eabi/lib/thumb/v7e-m/nofp\libc_nano.a(lib_a-init.o)
 .comment       0x00000088       0x89 c:/nxp/s32ds.3.6.4/s32ds/build_tools/gcc_v11.4/gcc-11.4-arm32-eabi/bin/../lib/gcc/arm-none-eabi/11.4.0/../../../../arm-none-eabi/lib/thumb/v7e-m/nofp\libc_nano.a(lib_a-memset.o)
 .comment       0x00000088       0x89 c:/nxp/s32ds.3.6.4/s32ds/build_tools/gcc_v11.4/gcc-11.4-arm32-eabi/bin/../lib/gcc/arm-none-eabi/11.4.0/../../../../arm-none-eabi/lib/thumb/v7e-m/nofp\libnosys.a(_exit.o)
 .comment       0x00000088       0x89 c:/nxp/s32ds.3.6.4/s32ds/build_tools/gcc_v11.4/gcc-11.4-arm32-eabi/bin/../lib/gcc/arm-none-eabi/11.4.0/thumb/v7e-m/nofp/crtend.o

.debug_line     0x00000000     0x2a8a
 .debug_line    0x00000000       0x76 c:/nxp/s32ds.3.6.4/s32ds/build_tools/gcc_v11.4/gcc-11.4-arm32-eabi/bin/../lib/gcc/arm-none-eabi/11.4.0/../../../../arm-none-eabi/lib/thumb/v7e-m/nofp/crt0.o
 .debug_line    0x00000076      0x391 ./Project_Settings/Startup_Code/startup.o
 .debug_line    0x00000407       0x78 ./Project_Settings/Startup_Code/startup_S32K144.o
 .debug_line    0x0000047f      0x3c5 ./Project_Settings/Startup_Code/system_S32K144.o
 .debug_line    0x00000844      0x41e ./src/Driver_GPIO.o
 .debug_line    0x00000c62      0x3ef ./src/Driver_USART.o
 .debug_line    0x00001051      0x45e ./src/FLASH.o
 .debug_line    0x000014af      0x3c6 ./src/HAL_GPIO.o
 .debug_line    0x00001875      0x3a6 ./src/HAL_USART.o
 .debug_line    0x00001c1b      0x34b ./src/QUEUE.o
 .debug_line    0x00001f66      0x407 ./src/SREC.o
 .debug_line    0x0000236d      0x71d ./src/main.o

.debug_line_str
                0x00000000      0x11d
 .debug_line_str
                0x00000000       0xac c:/nxp/s32ds.3.6.4/s32ds/build_tools/gcc_v11.4/gcc-11.4-arm32-eabi/bin/../lib/gcc/arm-none-eabi/11.4.0/../../../../arm-none-eabi/lib/thumb/v7e-m/nofp/crt0.o
                                 0xb3 (size before relaxing)
 .debug_line_str
                0x000000ac       0x71 ./Project_Settings/Startup_Code/startup_S32K144.o
                                 0x83 (size before relaxing)

.debug_info     0x00000000     0x345f
 .debug_info    0x00000000       0x24 c:/nxp/s32ds.3.6.4/s32ds/build_tools/gcc_v11.4/gcc-11.4-arm32-eabi/bin/../lib/gcc/arm-none-eabi/11.4.0/../../../../arm-none-eabi/lib/thumb/v7e-m/nofp/crt0.o
 .debug_info    0x00000024      0x419 ./Project_Settings/Startup_Code/startup.o
 .debug_info    0x0000043d       0x24 ./Project_Settings/Startup_Code/startup_S32K144.o
 .debug_info    0x00000461      0x54b ./Project_Settings/Startup_Code/system_S32K144.o
 .debug_info    0x000009ac      0x669 ./src/Driver_GPIO.o
 .debug_info    0x00001015      0x823 ./src/Driver_USART.o
 .debug_info    0x00001838      0x342 ./src/FLASH.o
 .debug_info    0x00001b7a      0x3a4 ./src/HAL_GPIO.o
 .debug_info    0x00001f1e      0x45e ./src/HAL_USART.o
 .debug_info    0x0000237c      0x260 ./src/QUEUE.o
 .debug_info    0x000025dc      0x220 ./src/SREC.o
 .debug_info    0x000027fc      0xc63 ./src/main.o

.debug_abbrev   0x00000000     0x10c2
 .debug_abbrev  0x00000000       0x14 c:/nxp/s32ds.3.6.4/s32ds/build_tools/gcc_v11.4/gcc-11.4-arm32-eabi/bin/../lib/gcc/arm-none-eabi/11.4.0/../../../../arm-none-eabi/lib/thumb/v7e-m/nofp/crt0.o
 .debug_abbrev  0x00000014      0x120 ./Project_Settings/Startup_Code/startup.o
 .debug_abbrev  0x00000134       0x14 ./Project_Settings/Startup_Code/startup_S32K144.o
 .debug_abbrev  0x00000148      0x145 ./Project_Settings/Startup_Code/system_S32K144.o
 .debug_abbrev  0x0000028d      0x1a8 ./src/Driver_GPIO.o
 .debug_abbrev  0x00000435      0x263 ./src/Driver_USART.o
 .debug_abbrev  0x00000698      0x158 ./src/FLASH.o
 .debug_abbrev  0x000007f0      0x118 ./src/HAL_GPIO.o
 .debug_abbrev  0x00000908      0x1fb ./src/HAL_USART.o
 .debug_abbrev  0x00000b03      0x163 ./src/QUEUE.o
 .debug_abbrev  0x00000c66      0x125 ./src/SREC.o
 .debug_abbrev  0x00000d8b      0x337 ./src/main.o

.debug_str      0x00000000    0x66f0b
 .debug_str     0x00000000       0xb8 c:/nxp/s32ds.3.6.4/s32ds/build_tools/gcc_v11.4/gcc-11.4-arm32-eabi/bin/../lib/gcc/arm-none-eabi/11.4.0/../../../../arm-none-eabi/lib/thumb/v7e-m/nofp/crt0.o
 .debug_str     0x000000b8    0x61b5a ./Project_Settings/Startup_Code/startup.o
                              0x61cef (size before relaxing)
 .debug_str     0x00061c12       0x33 ./Project_Settings/Startup_Code/startup_S32K144.o
                                 0x7d (size before relaxing)
 .debug_str     0x00061c45      0x1f3 ./Project_Settings/Startup_Code/system_S32K144.o
                              0x61b60 (size before relaxing)
 .debug_str     0x00061e38      0x852 ./src/Driver_GPIO.o
                               0x46cd (size before relaxing)
 .debug_str     0x0006268a     0x142c ./src/Driver_USART.o
                               0x573e (size before relaxing)
 .debug_str     0x00063ab6      0x2ae ./src/FLASH.o
                              0x56b78 (size before relaxing)
 .debug_str     0x00063d64       0x93 ./src/HAL_GPIO.o
                              0x56a16 (size before relaxing)
 .debug_str     0x00063df7      0x13a ./src/HAL_USART.o
                              0x56b9b (size before relaxing)
 .debug_str     0x00063f31       0x62 ./src/QUEUE.o
                               0x4176 (size before relaxing)
 .debug_str     0x00063f93       0xfd ./src/SREC.o
                               0x4184 (size before relaxing)
 .debug_str     0x00064090     0x2e7b ./src/main.o
                              0x5b670 (size before relaxing)

.debug_aranges  0x00000000      0x358
 .debug_aranges
                0x00000000       0x20 ./Project_Settings/Startup_Code/startup.o
 .debug_aranges
                0x00000020       0x20 ./Project_Settings/Startup_Code/startup_S32K144.o
 .debug_aranges
                0x00000040       0x30 ./Project_Settings/Startup_Code/system_S32K144.o
 .debug_aranges
                0x00000070       0x88 ./src/Driver_GPIO.o
 .debug_aranges
                0x000000f8       0x90 ./src/Driver_USART.o
 .debug_aranges
                0x00000188       0x50 ./src/FLASH.o
 .debug_aranges
                0x000001d8       0x68 ./src/HAL_GPIO.o
 .debug_aranges
                0x00000240       0x50 ./src/HAL_USART.o
 .debug_aranges
                0x00000290       0x40 ./src/QUEUE.o
 .debug_aranges
                0x000002d0       0x28 ./src/SREC.o
 .debug_aranges
                0x000002f8       0x60 ./src/main.o

.debug_rnglists
                0x00000000      0x241
 .debug_rnglists
                0x00000000       0x14 ./Project_Settings/Startup_Code/startup.o
 .debug_rnglists
                0x00000014       0x20 ./Project_Settings/Startup_Code/system_S32K144.o
 .debug_rnglists
                0x00000034       0x61 ./src/Driver_GPIO.o
 .debug_rnglists
                0x00000095       0x67 ./src/Driver_USART.o
 .debug_rnglists
                0x000000fc       0x38 ./src/FLASH.o
 .debug_rnglists
                0x00000134       0x49 ./src/HAL_GPIO.o
 .debug_rnglists
                0x0000017d       0x38 ./src/HAL_USART.o
 .debug_rnglists
                0x000001b5       0x2b ./src/QUEUE.o
 .debug_rnglists
                0x000001e0       0x1b ./src/SREC.o
 .debug_rnglists
                0x000001fb       0x46 ./src/main.o

.debug_macro    0x00000000    0x1bfff
 .debug_macro   0x00000000       0xb5 ./Project_Settings/Startup_Code/startup.o
 .debug_macro   0x000000b5      0xa90 ./Project_Settings/Startup_Code/startup.o
 .debug_macro   0x00000b45       0x22 ./Project_Settings/Startup_Code/startup.o
 .debug_macro   0x00000b67       0x8e ./Project_Settings/Startup_Code/startup.o
 .debug_macro   0x00000bf5       0x51 ./Project_Settings/Startup_Code/startup.o
 .debug_macro   0x00000c46      0x103 ./Project_Settings/Startup_Code/startup.o
 .debug_macro   0x00000d49       0x6a ./Project_Settings/Startup_Code/startup.o
 .debug_macro   0x00000db3      0x1df ./Project_Settings/Startup_Code/startup.o
 .debug_macro   0x00000f92       0x10 ./Project_Settings/Startup_Code/startup.o
 .debug_macro   0x00000fa2       0x78 ./Project_Settings/Startup_Code/startup.o
 .debug_macro   0x0000101a     0xc365 ./Project_Settings/Startup_Code/startup.o
 .debug_macro   0x0000d37f     0x1707 ./Project_Settings/Startup_Code/startup.o
 .debug_macro   0x0000ea86       0x22 ./Project_Settings/Startup_Code/startup.o
 .debug_macro   0x0000eaa8       0x40 ./Project_Settings/Startup_Code/startup.o
 .debug_macro   0x0000eae8       0xb4 ./Project_Settings/Startup_Code/system_S32K144.o
 .debug_macro   0x0000eb9c       0x16 ./Project_Settings/Startup_Code/system_S32K144.o
 .debug_macro   0x0000ebb2     0xc353 ./Project_Settings/Startup_Code/system_S32K144.o
 .debug_macro   0x0001af05       0x28 ./Project_Settings/Startup_Code/system_S32K144.o
 .debug_macro   0x0001af2d       0xa9 ./src/Driver_GPIO.o
 .debug_macro   0x0001afd6      0x174 ./src/Driver_GPIO.o
 .debug_macro   0x0001b14a       0x34 ./src/Driver_GPIO.o
 .debug_macro   0x0001b17e       0x1c ./src/Driver_GPIO.o
 .debug_macro   0x0001b19a       0xb6 ./src/Driver_USART.o
 .debug_macro   0x0001b250      0x1ef ./src/Driver_USART.o
 .debug_macro   0x0001b43f       0x16 ./src/Driver_USART.o
 .debug_macro   0x0001b455       0x86 ./src/FLASH.o
 .debug_macro   0x0001b4db       0x28 ./src/FLASH.o
 .debug_macro   0x0001b503       0x76 ./src/HAL_GPIO.o
 .debug_macro   0x0001b579       0xa0 ./src/HAL_USART.o
 .debug_macro   0x0001b619       0x7b ./src/QUEUE.o
 .debug_macro   0x0001b694       0x10 ./src/QUEUE.o
 .debug_macro   0x0001b6a4       0x7c ./src/SREC.o
 .debug_macro   0x0001b720      0x1af ./src/main.o
 .debug_macro   0x0001b8cf       0x22 ./src/main.o
 .debug_macro   0x0001b8f1       0x10 ./src/main.o
 .debug_macro   0x0001b901       0x58 ./src/main.o
 .debug_macro   0x0001b959       0x18 ./src/main.o
 .debug_macro   0x0001b971       0x3c ./src/main.o
 .debug_macro   0x0001b9ad       0x34 ./src/main.o
 .debug_macro   0x0001b9e1       0x16 ./src/main.o
 .debug_macro   0x0001b9f7       0x43 ./src/main.o
 .debug_macro   0x0001ba3a       0x34 ./src/main.o
 .debug_macro   0x0001ba6e       0x10 ./src/main.o
 .debug_macro   0x0001ba7e       0x52 ./src/main.o
 .debug_macro   0x0001bad0       0x71 ./src/main.o
 .debug_macro   0x0001bb41       0x1c ./src/main.o
 .debug_macro   0x0001bb5d      0x12a ./src/main.o
 .debug_macro   0x0001bc87      0x333 ./src/main.o
 .debug_macro   0x0001bfba       0x10 ./src/main.o
 .debug_macro   0x0001bfca       0x35 ./src/main.o

.debug_frame    0x00000000      0xb1c
 .debug_frame   0x00000000       0x38 ./Project_Settings/Startup_Code/startup.o
 .debug_frame   0x00000038       0x80 ./Project_Settings/Startup_Code/system_S32K144.o
 .debug_frame   0x000000b8      0x220 ./src/Driver_GPIO.o
 .debug_frame   0x000002d8      0x23c ./src/Driver_USART.o
 .debug_frame   0x00000514      0x10c ./src/FLASH.o
 .debug_frame   0x00000620      0x190 ./src/HAL_GPIO.o
 .debug_frame   0x000007b0      0x100 ./src/HAL_USART.o
 .debug_frame   0x000008b0       0xd0 ./src/QUEUE.o
 .debug_frame   0x00000980       0x5c ./src/SREC.o
 .debug_frame   0x000009dc      0x140 ./src/main.o
